Calculating task graph as no cached configuration is available for tasks: :app:testDebugUnitTest :app:assembleDebug
> Task :app:generateDebugAssets UP-TO-DATE
> Task :app:preBuild UP-TO-DATE
> Task :app:preDebugBuild UP-TO-DATE
> Task :app:preDebugUnitTestBuild UP-TO-DATE
> Task :app:javaPreCompileDebug UP-TO-DATE
> Task :app:generateDebugBuildConfig UP-TO-DATE
> Task :app:createDebugCompatibleScreenManifests UP-TO-DATE
> Task :app:mergeDebugNativeDebugMetadata NO-SOURCE
> Task :app:extractDeepLinksDebug UP-TO-DATE
> Task :app:javaPreCompileDebugUnitTest UP-TO-DATE
> Task :app:mapDebugSourceSetPaths UP-TO-DATE
> Task :app:generateDebugResources UP-TO-DATE
> Task :app:generateDebugGlobalSynthetics FROM-CACHE
> Task :app:processDebugNavigationResources UP-TO-DATE
> Task :app:checkDebugAarMetadata UP-TO-DATE
> Task :app:packageDebugResources UP-TO-DATE
> Task :app:desugarDebugFileDependencies FROM-CACHE
> Task :app:compileDebugNavigationResources UP-TO-DATE
> Task :app:mergeDebugAssets
> Task :app:parseDebugLocalResources UP-TO-DATE
> Task :app:processDebugMainManifest UP-TO-DATE
> Task :app:processDebugManifest UP-TO-DATE
> Task :app:generateDebugRFile UP-TO-DATE
> Task :app:validateSigningDebug
> Task :app:mergeDebugJniLibFolders
> Task :app:processDebugManifestForPackage UP-TO-DATE
> Task :app:checkDebugDuplicateClasses
> Task :app:compressDebugAssets FROM-CACHE
> Task :app:writeDebugAppMetadata
> Task :app:writeDebugSigningConfigVersions
> Task :app:mergeLibDexDebug FROM-CACHE
> Task :app:mergeDebugNativeLibs
> Task :app:compileDebugKotlin UP-TO-DATE
> Task :app:stripDebugDebugSymbols
> Task :app:compileDebugJavaWithJavac UP-TO-DATE
> Task :app:processDebugJavaRes UP-TO-DATE
> Task :app:mergeDebugResources UP-TO-DATE
> Task :app:processDebugResources UP-TO-DATE
> Task :app:bundleDebugClassesToRuntimeJar UP-TO-DATE
> Task :app:bundleDebugClassesToCompileJar UP-TO-DATE
> Task :app:compileDebugUnitTestKotlin UP-TO-DATE
> Task :app:compileDebugUnitTestJavaWithJavac NO-SOURCE
> Task :app:processDebugUnitTestJavaRes UP-TO-DATE
> Task :app:testDebugUnitTest UP-TO-DATE
> Task :app:mergeDebugJavaResource
> Task :app:mergeExtDexDebug FROM-CACHE
> Task :app:dexBuilderDebug
> Task :app:mergeProjectDexDebug
> Task :app:packageDebug
> Task :app:assembleDebug
> Task :app:createDebugApkListingFileRedirect

BUILD SUCCESSFUL in 3s
44 actionable tasks: 13 executed, 5 from cache, 26 up-to-date
Configuration cache entry stored.
